---
source: crates/auto-lang/tests/ui_snapshots.rs
expression: out
---
File: examples/ui/015-notes/src/front/app.at
Widget count: 1
Widget: App | props: 0 | state: 2 | handlers: 5 | messages: 1
  state: dark_mode (Bool)
  state: accent_color (StrSlice)
  handler: .NewNote
  handler: .SetAccent(name)
  handler: .SetMode(m)
  handler: .ToggleDarkMode
  handler: .ToggleSettings
API imports: []
Store deps: ["NotesStore"]
Store composables: 0
Validation warnings: 4
SFC 'App': 19731 bytes, has template: true, has script: true, has style: true
